#-----------------------------------------------------------
# Vivado v2017.1 (64-bit)
# SW Build 1846317 on Fri Apr 14 18:55:03 MDT 2017
# IP Build 1846188 on Fri Apr 14 20:52:08 MDT 2017
# Start of session at: Fri Sep 29 17:57:32 2017
# Process ID: 9252
# Current directory: H:/IITR Study/Sem 3/Computer Architecture and Microprocessors/Project/Finalized/Code/Program Counter
# Command line: vivado.exe -gui_launcher_event rodinguilauncherevent17500 H:\IITR Study\Sem 3\Computer Architecture and Microprocessors\Project\Finalized\Code\Program Counter\mips_001.xpr
# Log file: H:/IITR Study/Sem 3/Computer Architecture and Microprocessors/Project/Finalized/Code/Program Counter/vivado.log
# Journal file: H:/IITR Study/Sem 3/Computer Architecture and Microprocessors/Project/Finalized/Code/Program Counter\vivado.jou
#-----------------------------------------------------------
start_gui
open_project {H:/IITR Study/Sem 3/Computer Architecture and Microprocessors/Project/Finalized/Code/Program Counter/mips_001.xpr}
update_compile_order -fileset sources_1
